-- Copyright (c) 2017-2021 VMware, Inc. or its affiliates
-- SPDX-License-Identifier: Apache-2.0

-- We have tables in the catalog that contain deprecated columns but aren't
-- deprecated themselves. Views that reference such columns error out during
-- schema restore, rendering them non-upgradeable. They must be dropped before
-- running an upgrade.

--------------------------------------------------------------------------------
-- Create and setup non-upgradeable objects
--------------------------------------------------------------------------------

-- Create views containing references to deprecated column replication_port in
-- various portions of a potential view query tree (such as subquery, join, CTE
-- etc) to ensure that check_node_deprecated_columns_walker correctly flags these
-- as non-upgradeable. Note that this is not an exhaustive list covering all
-- possible expression types.
-- GPDB5: gp_segment_configuration contains deprecated column replication_port
CREATE VIEW dep_col_tlist AS SELECT replication_port FROM gp_segment_configuration;
CREATE
CREATE VIEW dep_col_qual AS SELECT 1 FROM gp_segment_configuration where replication_port > 8000;
CREATE
CREATE VIEW dep_col_group_by AS SELECT count(*) from gp_segment_configuration GROUP BY replication_port;
CREATE
CREATE VIEW dep_col_order_by AS SELECT dbid from gp_segment_configuration ORDER BY replication_port;
CREATE
CREATE VIEW dep_col_cte AS (WITH c AS (SELECT replication_port FROM gp_segment_configuration) SELECT * FROM c);
CREATE
CREATE VIEW dep_col_subquery AS SELECT 1 FROM (SELECT replication_port FROM gp_segment_configuration) sub;
CREATE
CREATE VIEW dep_col_sublink AS SELECT 1 FROM gp_segment_configuration WHERE 8000 > ANY (SELECT replication_port FROM gp_segment_configuration);
CREATE
CREATE VIEW dep_col_join AS SELECT 1 FROM gp_segment_configuration s1, (SELECT replication_port FROM gp_segment_configuration) s2;
CREATE

-- Even if a column is not explicitly referenced, due to the way '*' is expanded
-- and stored, the following is deprecated (See view definition output below).
CREATE VIEW dep_col_tlist_star_expand AS SELECT * FROM gp_segment_configuration;
CREATE
SELECT pg_get_viewdef('dep_col_tlist_star_expand'::regclass);
 pg_get_viewdef                                                                                                                                                                                                                                                                                                                                                                               
----------------------------------------------------------------------------------------------------------------------------------------------------------------------------------------------------------------------------------------------------------------------------------------------------------------------------------------------------------------------------------------------
 SELECT gp_segment_configuration.dbid, gp_segment_configuration.content, gp_segment_configuration.role, gp_segment_configuration.preferred_role, gp_segment_configuration.mode, gp_segment_configuration.status, gp_segment_configuration.port, gp_segment_configuration.hostname, gp_segment_configuration.address, gp_segment_configuration.replication_port FROM gp_segment_configuration; 
(1 row)

-- We have special logic to deal with joins containing the JOIN clause (as
-- opposed to to the traditional syntax). Joins with the JOIN clause result in
-- the construction of joinaliasvars, which we take special care not to recurse
-- into in check_node_deprecated_columns_walker.
CREATE VIEW dep_col_join_on AS SELECT 1 FROM gp_segment_configuration s1 JOIN gp_segment_configuration s2 ON s1.replication_port=s2.replication_port;
CREATE
CREATE VIEW dep_col_join_using AS SELECT 1 FROM gp_segment_configuration s1 JOIN gp_segment_configuration s2 USING (replication_port);
CREATE
CREATE VIEW dep_col_natural_join AS SELECT 1 FROM gp_segment_configuration s1 NATURAL JOIN (select replication_port from generate_series(15432, 15435)replication_port) ports;
CREATE

-- Also test on a view containing a correlated subquery to validate the logic
-- used to look up the range table corresponding to an outer Var.
CREATE VIEW dep_col_correlated_subquery AS (SELECT dbid FROM gp_segment_configuration g1 WHERE dbid = (SELECT dbid FROM gp_segment_configuration g2 WHERE g1.replication_port < g2.replication_port));
CREATE

-- Create a view containing a reference to a deprecated column that is in the
-- gp_toolkit schema. We use a slightly different detection mechanism for such
-- tables (they don't have static Oids, so we have to perform a dynamic Oid
-- lookup)
CREATE VIEW dep_col_dynamic_oid AS SELECT proposed_concurrency FROM gp_toolkit.gp_resgroup_config;
CREATE

--------------------------------------------------------------------------------
-- Assert that pg_upgrade --check correctly detects the non-upgradeable objects
--------------------------------------------------------------------------------
!\retcode gpupgrade initialize --source-gphome="${GPHOME_SOURCE}" --target-gphome=${GPHOME_TARGET} --source-master-port=${PGPORT} --disk-free-ratio 0 --automatic;
-- start_ignore
-- end_ignore
(exited with code 1)
! cat ~/gpAdminLogs/gpupgrade/pg_upgrade/p-1/view_deprecated_columns.txt | LC_ALL=C sort -b;
Database: isolation2test
  public.dep_col_correlated_subquery 
  public.dep_col_cte 
  public.dep_col_dynamic_oid 
  public.dep_col_group_by 
  public.dep_col_join 
  public.dep_col_join_on 
  public.dep_col_join_using 
  public.dep_col_natural_join 
  public.dep_col_order_by 
  public.dep_col_qual 
  public.dep_col_sublink 
  public.dep_col_subquery 
  public.dep_col_tlist 
  public.dep_col_tlist_star_expand 


--------------------------------------------------------------------------------
-- Workaround to unblock upgrade
--------------------------------------------------------------------------------
DROP VIEW dep_col_tlist;
DROP
DROP VIEW dep_col_qual;
DROP
DROP VIEW dep_col_group_by;
DROP
DROP VIEW dep_col_order_by;
DROP
DROP VIEW dep_col_cte;
DROP
DROP VIEW dep_col_subquery;
DROP
DROP VIEW dep_col_sublink;
DROP
DROP VIEW dep_col_join;
DROP
DROP VIEW dep_col_join_on;
DROP
DROP VIEW dep_col_join_using;
DROP
DROP VIEW dep_col_natural_join;
DROP

DROP VIEW dep_col_correlated_subquery;
DROP

DROP VIEW dep_col_dynamic_oid;
DROP
