-- Copyright (c) 2017-2023 VMware, Inc. or its affiliates
-- SPDX-License-Identifier: Apache-2.0

--------------------------------------------------------------------------------
-- Validate that the indexes still work after upgrade
--------------------------------------------------------------------------------

-- start_matchsubs
-- m/ERROR:  Unexpected internal error.*/
-- s/ERROR:  Unexpected internal error.*/ERROR:  Unexpected internal error/
-- m/DETAIL:  FailedAssertion.*/
-- s/DETAIL:  FailedAssertion.*/DETAIL:  FailedAssertion/
-- end_matchsubs

-- Show what the indexes are after upgrade
SELECT c.relname, a.amname, i.indisvalid FROM pg_class c JOIN pg_am a ON c.relam = a.oid JOIN pg_index i ON i.indexrelid = c.oid WHERE c.relname SIMILAR TO '(ao|aoco)_with_(btree|bitmap|gist)_idx';
 relname              | amname | indisvalid 
----------------------+--------+------------
 ao_with_btree_idx    | btree  | t          
 ao_with_gist_idx     | gist   | t          
 aoco_with_btree_idx  | btree  | t          
 aoco_with_gist_idx   | gist   | t          
 ao_with_bitmap_idx   | bitmap | f          
 aoco_with_bitmap_idx | bitmap | f          
(6 rows)

-- Show that the indexes are not usable after upgrade due to expected
-- 5-to-6 AO index issues. For the AO bitmap index, the index is
-- invalid (as shown in the above catalog query) so it'll always use
-- sequential scan on the table which is why the query works.
SET enable_seqscan = off;
SET
SET gp_debug_linger = 0;
SET
EXPLAIN (COSTS off) SELECT * FROM ao_with_btree WHERE a > 8;
 QUERY PLAN                                         
----------------------------------------------------
 Gather Motion 3:1  (slice1; segments: 3)           
   ->  Bitmap Heap Scan on ao_with_btree            
         Recheck Cond: (a > 8)                      
         ->  Bitmap Index Scan on ao_with_btree_idx 
               Index Cond: (a > 8)                  
 Optimizer: Postgres query optimizer                
(6 rows)
EXPLAIN (COSTS off) SELECT * FROM ao_with_bitmap WHERE a = 1;
 QUERY PLAN                               
------------------------------------------
 Gather Motion 1:1  (slice1; segments: 1) 
   ->  Seq Scan on ao_with_bitmap         
         Filter: (a = 1)                  
 Optimizer: Postgres query optimizer      
(4 rows)
EXPLAIN (COSTS off) SELECT * FROM ao_with_gist WHERE a @@ to_tsquery('footext1');
 QUERY PLAN                                               
----------------------------------------------------------
 Gather Motion 3:1  (slice1; segments: 3)                 
   ->  Bitmap Heap Scan on ao_with_gist                   
         Recheck Cond: (a @@ '''footext1'''::tsquery)     
         ->  Bitmap Index Scan on ao_with_gist_idx        
               Index Cond: (a @@ '''footext1'''::tsquery) 
 Optimizer: Postgres query optimizer                      
(6 rows)
EXPLAIN (COSTS off) SELECT * FROM aoco_with_btree WHERE a > 8;
 QUERY PLAN                                           
------------------------------------------------------
 Gather Motion 3:1  (slice1; segments: 3)             
   ->  Bitmap Heap Scan on aoco_with_btree            
         Recheck Cond: (a > 8)                        
         ->  Bitmap Index Scan on aoco_with_btree_idx 
               Index Cond: (a > 8)                    
 Optimizer: Postgres query optimizer                  
(6 rows)
EXPLAIN (COSTS off) SELECT * FROM aoco_with_bitmap WHERE a = 1;
 QUERY PLAN                               
------------------------------------------
 Gather Motion 1:1  (slice1; segments: 1) 
   ->  Seq Scan on aoco_with_bitmap       
         Filter: (a = 1)                  
 Optimizer: Postgres query optimizer      
(4 rows)
EXPLAIN (COSTS off) SELECT * FROM aoco_with_gist WHERE a @@ to_tsquery('footext1');
 QUERY PLAN                                               
----------------------------------------------------------
 Gather Motion 3:1  (slice1; segments: 3)                 
   ->  Bitmap Heap Scan on aoco_with_gist                 
         Recheck Cond: (a @@ '''footext1'''::tsquery)     
         ->  Bitmap Index Scan on aoco_with_gist_idx      
               Index Cond: (a @@ '''footext1'''::tsquery) 
 Optimizer: Postgres query optimizer                      
(6 rows)
SELECT * FROM ao_with_btree WHERE a > 8;
ERROR:  Unexpected internal error
DETAIL:  FailedAssertion
SELECT * FROM ao_with_bitmap WHERE a = 1;
 a 
---
 1 
 1 
 1 
 1 
(4 rows)
SELECT * FROM ao_with_gist WHERE a @@ to_tsquery('footext1');
ERROR:  Unexpected internal error
DETAIL:  FailedAssertion
SELECT * FROM aoco_with_btree WHERE a > 8;
ERROR:  Unexpected internal error
DETAIL:  FailedAssertion
SELECT * FROM aoco_with_bitmap WHERE a = 1;
 a 
---
 1 
 1 
 1 
 1 
(4 rows)
SELECT * FROM aoco_with_gist WHERE a @@ to_tsquery('footext1');
ERROR:  Unexpected internal error
DETAIL:  FailedAssertion

-- Provided REINDEX workaround should fix all the AO indexes
REINDEX INDEX ao_with_btree_idx;
REINDEX
REINDEX INDEX ao_with_bitmap_idx;
REINDEX
REINDEX INDEX ao_with_gist_idx;
REINDEX
REINDEX INDEX aoco_with_btree_idx;
REINDEX
REINDEX INDEX aoco_with_bitmap_idx;
REINDEX
REINDEX INDEX aoco_with_gist_idx;
REINDEX

EXPLAIN (COSTS off) SELECT * FROM ao_with_btree WHERE a > 8;
 QUERY PLAN                                         
----------------------------------------------------
 Gather Motion 3:1  (slice1; segments: 3)           
   ->  Bitmap Heap Scan on ao_with_btree            
         Recheck Cond: (a > 8)                      
         ->  Bitmap Index Scan on ao_with_btree_idx 
               Index Cond: (a > 8)                  
 Optimizer: Postgres query optimizer                
(6 rows)
EXPLAIN (COSTS off) SELECT * FROM ao_with_bitmap WHERE a = 1;
 QUERY PLAN                                          
-----------------------------------------------------
 Gather Motion 1:1  (slice1; segments: 1)            
   ->  Bitmap Heap Scan on ao_with_bitmap            
         Recheck Cond: (a = 1)                       
         ->  Bitmap Index Scan on ao_with_bitmap_idx 
               Index Cond: (a = 1)                   
 Optimizer: Postgres query optimizer                 
(6 rows)
EXPLAIN (COSTS off) SELECT * FROM ao_with_gist WHERE a @@ to_tsquery('footext1');
 QUERY PLAN                                               
----------------------------------------------------------
 Gather Motion 3:1  (slice1; segments: 3)                 
   ->  Bitmap Heap Scan on ao_with_gist                   
         Recheck Cond: (a @@ '''footext1'''::tsquery)     
         ->  Bitmap Index Scan on ao_with_gist_idx        
               Index Cond: (a @@ '''footext1'''::tsquery) 
 Optimizer: Postgres query optimizer                      
(6 rows)
EXPLAIN (COSTS off) SELECT * FROM aoco_with_btree WHERE a > 8;
 QUERY PLAN                                           
------------------------------------------------------
 Gather Motion 3:1  (slice1; segments: 3)             
   ->  Bitmap Heap Scan on aoco_with_btree            
         Recheck Cond: (a > 8)                        
         ->  Bitmap Index Scan on aoco_with_btree_idx 
               Index Cond: (a > 8)                    
 Optimizer: Postgres query optimizer                  
(6 rows)
EXPLAIN (COSTS off) SELECT * FROM aoco_with_bitmap WHERE a = 1;
 QUERY PLAN                                            
-------------------------------------------------------
 Gather Motion 1:1  (slice1; segments: 1)              
   ->  Bitmap Heap Scan on aoco_with_bitmap            
         Recheck Cond: (a = 1)                         
         ->  Bitmap Index Scan on aoco_with_bitmap_idx 
               Index Cond: (a = 1)                     
 Optimizer: Postgres query optimizer                   
(6 rows)
EXPLAIN (COSTS off) SELECT * FROM aoco_with_gist WHERE a @@ to_tsquery('footext1');
 QUERY PLAN                                               
----------------------------------------------------------
 Gather Motion 3:1  (slice1; segments: 3)                 
   ->  Bitmap Heap Scan on aoco_with_gist                 
         Recheck Cond: (a @@ '''footext1'''::tsquery)     
         ->  Bitmap Index Scan on aoco_with_gist_idx      
               Index Cond: (a @@ '''footext1'''::tsquery) 
 Optimizer: Postgres query optimizer                      
(6 rows)
SELECT * FROM ao_with_btree WHERE a > 8;
 a  
----
 9  
 10 
(2 rows)
SELECT * FROM ao_with_bitmap WHERE a = 1;
 a 
---
 1 
 1 
 1 
 1 
(4 rows)
SELECT * FROM ao_with_gist WHERE a @@ to_tsquery('footext1');
 a          
------------
 'footext1' 
 'footext1' 
 'footext1' 
 'footext1' 
(4 rows)
SELECT * FROM aoco_with_btree WHERE a > 8;
 a  
----
 9  
 10 
(2 rows)
SELECT * FROM aoco_with_bitmap WHERE a = 1;
 a 
---
 1 
 1 
 1 
 1 
(4 rows)
SELECT * FROM aoco_with_gist WHERE a @@ to_tsquery('footext1');
 a          
------------
 'footext1' 
 'footext1' 
 'footext1' 
 'footext1' 
(4 rows)

-- Verify that new inserts can be found via the index
INSERT INTO ao_with_btree SELECT generate_series(1,10);
INSERT 10
INSERT INTO ao_with_bitmap SELECT i%3 FROM generate_series(1,10)i;
INSERT 10
INSERT INTO ao_with_gist SELECT j.res::tsvector FROM (SELECT 'footext' || i%3 AS res FROM generate_series(1,10) i) j;
INSERT 10
INSERT INTO aoco_with_btree SELECT generate_series(1,10);
INSERT 10
INSERT INTO aoco_with_bitmap SELECT i%3 FROM generate_series(1,10)i;
INSERT 10
INSERT INTO aoco_with_gist SELECT j.res::tsvector FROM (SELECT 'footext' || i%3 AS res FROM generate_series(1,10) i) j;
INSERT 10

EXPLAIN (COSTS off) SELECT * FROM ao_with_btree WHERE a > 8;
 QUERY PLAN                                         
----------------------------------------------------
 Gather Motion 3:1  (slice1; segments: 3)           
   ->  Bitmap Heap Scan on ao_with_btree            
         Recheck Cond: (a > 8)                      
         ->  Bitmap Index Scan on ao_with_btree_idx 
               Index Cond: (a > 8)                  
 Optimizer: Postgres query optimizer                
(6 rows)
EXPLAIN (COSTS off) SELECT * FROM ao_with_bitmap WHERE a = 1;
 QUERY PLAN                                          
-----------------------------------------------------
 Gather Motion 1:1  (slice1; segments: 1)            
   ->  Bitmap Heap Scan on ao_with_bitmap            
         Recheck Cond: (a = 1)                       
         ->  Bitmap Index Scan on ao_with_bitmap_idx 
               Index Cond: (a = 1)                   
 Optimizer: Postgres query optimizer                 
(6 rows)
EXPLAIN (COSTS off) SELECT * FROM ao_with_gist WHERE a @@ to_tsquery('footext1');
 QUERY PLAN                                               
----------------------------------------------------------
 Gather Motion 3:1  (slice1; segments: 3)                 
   ->  Bitmap Heap Scan on ao_with_gist                   
         Recheck Cond: (a @@ '''footext1'''::tsquery)     
         ->  Bitmap Index Scan on ao_with_gist_idx        
               Index Cond: (a @@ '''footext1'''::tsquery) 
 Optimizer: Postgres query optimizer                      
(6 rows)
EXPLAIN (COSTS off) SELECT * FROM aoco_with_btree WHERE a > 8;
 QUERY PLAN                                           
------------------------------------------------------
 Gather Motion 3:1  (slice1; segments: 3)             
   ->  Bitmap Heap Scan on aoco_with_btree            
         Recheck Cond: (a > 8)                        
         ->  Bitmap Index Scan on aoco_with_btree_idx 
               Index Cond: (a > 8)                    
 Optimizer: Postgres query optimizer                  
(6 rows)
EXPLAIN (COSTS off) SELECT * FROM aoco_with_bitmap WHERE a = 1;
 QUERY PLAN                                            
-------------------------------------------------------
 Gather Motion 1:1  (slice1; segments: 1)              
   ->  Bitmap Heap Scan on aoco_with_bitmap            
         Recheck Cond: (a = 1)                         
         ->  Bitmap Index Scan on aoco_with_bitmap_idx 
               Index Cond: (a = 1)                     
 Optimizer: Postgres query optimizer                   
(6 rows)
EXPLAIN (COSTS off) SELECT * FROM aoco_with_gist WHERE a @@ to_tsquery('footext1');
 QUERY PLAN                                               
----------------------------------------------------------
 Gather Motion 3:1  (slice1; segments: 3)                 
   ->  Bitmap Heap Scan on aoco_with_gist                 
         Recheck Cond: (a @@ '''footext1'''::tsquery)     
         ->  Bitmap Index Scan on aoco_with_gist_idx      
               Index Cond: (a @@ '''footext1'''::tsquery) 
 Optimizer: Postgres query optimizer                      
(6 rows)
SELECT * FROM ao_with_btree WHERE a > 8;
 a  
----
 9  
 10 
 9  
 10 
(4 rows)
SELECT * FROM ao_with_bitmap WHERE a = 1;
 a 
---
 1 
 1 
 1 
 1 
 1 
 1 
 1 
 1 
(8 rows)
SELECT * FROM ao_with_gist WHERE a @@ to_tsquery('footext1');
 a          
------------
 'footext1' 
 'footext1' 
 'footext1' 
 'footext1' 
 'footext1' 
 'footext1' 
 'footext1' 
 'footext1' 
(8 rows)
SELECT * FROM aoco_with_btree WHERE a > 8;
 a  
----
 9  
 10 
 9  
 10 
(4 rows)
SELECT * FROM aoco_with_bitmap WHERE a = 1;
 a 
---
 1 
 1 
 1 
 1 
 1 
 1 
 1 
 1 
(8 rows)
SELECT * FROM aoco_with_gist WHERE a @@ to_tsquery('footext1');
 a          
------------
 'footext1' 
 'footext1' 
 'footext1' 
 'footext1' 
 'footext1' 
 'footext1' 
 'footext1' 
 'footext1' 
(8 rows)

-- Verify that updates can be found via the index
UPDATE ao_with_btree SET a = 11 WHERE a = 9;
UPDATE 2
UPDATE ao_with_bitmap SET a = 4 WHERE a = 1;
UPDATE 8
UPDATE ao_with_gist SET a = 'footext5' WHERE a = 'footext1';
UPDATE 8
UPDATE aoco_with_btree SET a = 11 WHERE a = 9;
UPDATE 2
UPDATE aoco_with_bitmap SET a = 4 WHERE a = 1;
UPDATE 8
UPDATE aoco_with_gist SET a = 'footext5' WHERE a = 'footext1';
UPDATE 8

EXPLAIN (COSTS off) SELECT * FROM ao_with_btree WHERE a > 8;
 QUERY PLAN                                         
----------------------------------------------------
 Gather Motion 3:1  (slice1; segments: 3)           
   ->  Bitmap Heap Scan on ao_with_btree            
         Recheck Cond: (a > 8)                      
         ->  Bitmap Index Scan on ao_with_btree_idx 
               Index Cond: (a > 8)                  
 Optimizer: Postgres query optimizer                
(6 rows)
EXPLAIN (COSTS off) SELECT * FROM ao_with_bitmap WHERE a = 1;
 QUERY PLAN                                          
-----------------------------------------------------
 Gather Motion 1:1  (slice1; segments: 1)            
   ->  Bitmap Heap Scan on ao_with_bitmap            
         Recheck Cond: (a = 1)                       
         ->  Bitmap Index Scan on ao_with_bitmap_idx 
               Index Cond: (a = 1)                   
 Optimizer: Postgres query optimizer                 
(6 rows)
EXPLAIN (COSTS off) SELECT * FROM ao_with_gist WHERE a @@ to_tsquery('footext1');
 QUERY PLAN                                               
----------------------------------------------------------
 Gather Motion 3:1  (slice1; segments: 3)                 
   ->  Bitmap Heap Scan on ao_with_gist                   
         Recheck Cond: (a @@ '''footext1'''::tsquery)     
         ->  Bitmap Index Scan on ao_with_gist_idx        
               Index Cond: (a @@ '''footext1'''::tsquery) 
 Optimizer: Postgres query optimizer                      
(6 rows)
EXPLAIN (COSTS off) SELECT * FROM aoco_with_btree WHERE a > 8;
 QUERY PLAN                                           
------------------------------------------------------
 Gather Motion 3:1  (slice1; segments: 3)             
   ->  Bitmap Heap Scan on aoco_with_btree            
         Recheck Cond: (a > 8)                        
         ->  Bitmap Index Scan on aoco_with_btree_idx 
               Index Cond: (a > 8)                    
 Optimizer: Postgres query optimizer                  
(6 rows)
EXPLAIN (COSTS off) SELECT * FROM aoco_with_bitmap WHERE a = 1;
 QUERY PLAN                                            
-------------------------------------------------------
 Gather Motion 1:1  (slice1; segments: 1)              
   ->  Bitmap Heap Scan on aoco_with_bitmap            
         Recheck Cond: (a = 1)                         
         ->  Bitmap Index Scan on aoco_with_bitmap_idx 
               Index Cond: (a = 1)                     
 Optimizer: Postgres query optimizer                   
(6 rows)
EXPLAIN (COSTS off) SELECT * FROM aoco_with_gist WHERE a @@ to_tsquery('footext1');
 QUERY PLAN                                               
----------------------------------------------------------
 Gather Motion 3:1  (slice1; segments: 3)                 
   ->  Bitmap Heap Scan on aoco_with_gist                 
         Recheck Cond: (a @@ '''footext1'''::tsquery)     
         ->  Bitmap Index Scan on aoco_with_gist_idx      
               Index Cond: (a @@ '''footext1'''::tsquery) 
 Optimizer: Postgres query optimizer                      
(6 rows)
SELECT * FROM ao_with_btree WHERE a > 8;
 a  
----
 10 
 10 
 11 
 11 
(4 rows)
SELECT * FROM ao_with_bitmap WHERE a = 4;
 a 
---
 4 
 4 
 4 
 4 
 4 
 4 
 4 
 4 
 4 
 4 
 4 
 4 
(12 rows)
SELECT * FROM ao_with_gist WHERE a @@ to_tsquery('footext5');
 a          
------------
 'footext5' 
 'footext5' 
 'footext5' 
 'footext5' 
 'footext5' 
 'footext5' 
 'footext5' 
 'footext5' 
(8 rows)
SELECT * FROM aoco_with_btree WHERE a > 8;
 a  
----
 10 
 10 
 11 
 11 
(4 rows)
SELECT * FROM aoco_with_bitmap WHERE a = 4;
 a 
---
 4 
 4 
 4 
 4 
 4 
 4 
 4 
 4 
 4 
 4 
 4 
 4 
(12 rows)
SELECT * FROM aoco_with_gist WHERE a @@ to_tsquery('footext5');
 a          
------------
 'footext5' 
 'footext5' 
 'footext5' 
 'footext5' 
 'footext5' 
 'footext5' 
 'footext5' 
 'footext5' 
(8 rows)
