-- Copyright (c) 2017-2023 VMware, Inc. or its affiliates
-- SPDX-License-Identifier: Apache-2.0

--------------------------------------------------------------------------------
-- Validate that the upgradeable objects are functional post-upgrade
--------------------------------------------------------------------------------
SELECT * FROM aoco_users;
 id | name 
----+------
 1  | Jane 
 2  | John 
 3  | Joe  
(3 rows)
