-- Copyright (c) 2017-2023 VMware, Inc. or its affiliates
-- SPDX-License-Identifier: Apache-2.0

--------------------------------------------------------------------------------
-- Validate that the upgradeable objects are functional post-upgrade
--------------------------------------------------------------------------------

-- Note: In the tests below, we do quick sanity checks to verify that
-- the external partitions cannot be inserted into. Writable external
-- tables cannot be exchanged into a partition table. Only readable
-- external tables are allowed so the inserts into the external
-- partitions should always fail. If those inserts don't fail,
-- something is wrong.

SELECT * FROM one_level_partition_table;
 a | b 
---+---
 1 | 1 
 1 | 2 
 3 | 1 
 3 | 2 
 5 | 1 
 5 | 2 
(6 rows)
INSERT INTO one_level_partition_table VALUES (7,2), (8,2), (9,2);
INSERT 3
SELECT * FROM one_level_partition_table;
 a | b 
---+---
 1 | 1 
 1 | 2 
 3 | 1 
 3 | 2 
 5 | 1 
 5 | 2 
 7 | 2 
 8 | 2 
 9 | 2 
(9 rows)
-- this should fail
INSERT INTO one_level_partition_table VALUES (1,1);
ERROR:  insert into external partitions not supported

SELECT * FROM two_level_partition_table;
 a | b | c 
---+---+---
 1 | 1 | 1 
 1 | 2 | 1 
 3 | 1 | 1 
 3 | 2 | 1 
 5 | 1 | 1 
 5 | 2 | 1 
(6 rows)
INSERT INTO two_level_partition_table VALUES (7,2,1), (8,2,1), (9,2,1);
INSERT 3
SELECT * FROM two_level_partition_table;
 a | b | c 
---+---+---
 1 | 1 | 1 
 1 | 2 | 1 
 3 | 1 | 1 
 3 | 2 | 1 
 5 | 1 | 1 
 5 | 2 | 1 
 7 | 2 | 1 
 8 | 2 | 1 
 9 | 2 | 1 
(9 rows)
-- this should fail
INSERT INTO two_level_partition_table VALUES (1,1,1);
ERROR:  insert into external partitions not supported

SELECT * FROM three_level_partition_table;
 a | b | c | d 
---+---+---+---
 1 | 1 | 1 | y 
 1 | 2 | 1 | y 
 3 | 1 | 1 | y 
 3 | 2 | 1 | y 
 5 | 1 | 1 | y 
 5 | 2 | 1 | y 
(6 rows)
INSERT INTO three_level_partition_table VALUES (7,2,1,'y'), (8,2,1,'y'), (9,2,1,'y');
INSERT 3
SELECT * FROM three_level_partition_table;
 a | b | c | d 
---+---+---+---
 1 | 1 | 1 | y 
 1 | 2 | 1 | y 
 3 | 1 | 1 | y 
 3 | 2 | 1 | y 
 5 | 1 | 1 | y 
 5 | 2 | 1 | y 
 7 | 2 | 1 | y 
 8 | 2 | 1 | y 
 9 | 2 | 1 | y 
(9 rows)
-- this should fail
INSERT INTO three_level_partition_table VALUES (1,1,1,'y');
ERROR:  insert into external partitions not supported

SELECT * FROM other_three_level_partition_table;
 a | b | c | d 
---+---+---+---
 1 | 1 | 1 | y 
 1 | 2 | 1 | y 
 3 | 1 | 1 | y 
 3 | 2 | 1 | y 
 5 | 1 | 1 | y 
 5 | 2 | 1 | y 
(6 rows)
-- these should fail
INSERT INTO other_three_level_partition_table VALUES (1,1,1,'y');
ERROR:  insert into external partitions not supported
INSERT INTO other_three_level_partition_table VALUES (1,2,1,'y');
ERROR:  insert into external partitions not supported
