-- Copyright (c) 2017-2023 VMware, Inc. or its affiliates
-- SPDX-License-Identifier: Apache-2.0

--------------------------------------------------------------------------------
-- Validate that the upgradeable objects are functional post-upgrade
--------------------------------------------------------------------------------

SELECT * FROM serial_seq;
 sequence_name | last_value | start_value | increment_by | max_value           | min_value | cache_value | log_cnt | is_cycled | is_called 
---------------+------------+-------------+--------------+---------------------+-----------+-------------+---------+-----------+-----------
 serial_seq    | 102        | 1           | 1            | 9223372036854775807 | 1         | 1           | 0       | f         | t         
(1 row)
SELECT * FROM tbl_with_sequence;
 id  | t     
-----+-------
 101 | test1 
 102 | test2 
(2 rows)

SELECT nextval('serial_seq');
 nextval 
---------
 103     
(1 row)
INSERT INTO tbl_with_sequence(t) VALUES ('test3');
INSERT 1

SELECT * FROM serial_seq;
 sequence_name | last_value | start_value | increment_by | max_value           | min_value | cache_value | log_cnt | is_cycled | is_called 
---------------+------------+-------------+--------------+---------------------+-----------+-------------+---------+-----------+-----------
 serial_seq    | 104        | 1           | 1            | 9223372036854775807 | 1         | 1           | 31      | f         | t         
(1 row)
SELECT * FROM tbl_with_sequence;
 id  | t     
-----+-------
 101 | test1 
 102 | test2 
 104 | test3 
(3 rows)
