-- Copyright (c) 2017-2023 VMware, Inc. or its affiliates
-- SPDX-License-Identifier: Apache-2.0

--------------------------------------------------------------------------------
-- Validate that the upgradeable objects are functional post-upgrade
--------------------------------------------------------------------------------

-- Show the data after upgrade.
SELECT * FROM table_with_name_columns;
 a  | b                                                               | c                                                                | d                                                               
----+-----------------------------------------------------------------+------------------------------------------------------------------+-----------------------------------------------------------------
 3  | bbb3                                                            | ccc3                                                             | ddd3                                                            
 4  | bbb4                                                            | ccc4                                                             | ddd4                                                            
 5  | bbb5                                                            | ccc5                                                             | ddd5                                                            
 6  | bbb6                                                            | ccc6                                                             | ddd6                                                            
 7  | bbb7                                                            | ccc7                                                             | ddd7                                                            
 88 | aaaaaaaaaabbbbbbbbbbccccccccccddddddddddeeeeeeeeeeffffffffffggg | aaaaaaaaaabbbbbbbbbbccccccccccddddddddddeeeeeeeeeeffffffffffgggz | aaaaaaaaaabbbbbbbbbbccccccccccddddddddddeeeeeeeeeeffffffffffggg 
 8  | bbb8                                                            | ccc8                                                             | ddd8                                                            
 9  | bbb9                                                            | ccc9                                                             | ddd9                                                            
 10 | bbb10                                                           | ccc10                                                            | ddd10                                                           
 1  | bbb1                                                            | ccc1                                                             | ddd1                                                            
 2  | bbb2                                                            | ccc2                                                             | ddd2                                                            
(11 rows)

-- Show that the btree index still works after upgrade.
SET enable_seqscan = off;
SET
EXPLAIN (COSTS off) SELECT * FROM table_with_name_columns WHERE b = 'bbb8';
 QUERY PLAN                                                   
--------------------------------------------------------------
 Gather Motion 3:1  (slice1; segments: 3)                     
   ->  Bitmap Heap Scan on table_with_name_columns            
         Recheck Cond: (b = 'bbb8'::name)                     
         ->  Bitmap Index Scan on table_with_name_columns_idx 
               Index Cond: (b = 'bbb8'::name)                 
 Optimizer: Postgres query optimizer                          
(6 rows)
SELECT * FROM table_with_name_columns WHERE b = 'bbb8';
 a | b    | c    | d    
---+------+------+------
 8 | bbb8 | ccc8 | ddd8 
(1 row)
SET enable_seqscan = on;
SET

-- Make sure the table is still usable after upgrade.
DELETE FROM table_with_name_columns WHERE a < 5;
DELETE 4
UPDATE table_with_name_columns SET b = 'bbb888' WHERE a = 8;
UPDATE 1
INSERT INTO table_with_name_columns VALUES (888, 'aaaaaaaaaabbbbbbbbbbccccccccccddddddddddeeeeeeeeeeffffffffffgggz', 'aaaaaaaaaabbbbbbbbbbccccccccccddddddddddeeeeeeeeeeffffffffffgggz', 'aaaaaaaaaabbbbbbbbbbccccccccccddddddddddeeeeeeeeeeffffffffffgggz');
INSERT 1
SELECT * FROM table_with_name_columns;
 a   | b                                                               | c                                                                | d                                                               
-----+-----------------------------------------------------------------+------------------------------------------------------------------+-----------------------------------------------------------------
 5   | bbb5                                                            | ccc5                                                             | ddd5                                                            
 6   | bbb6                                                            | ccc6                                                             | ddd6                                                            
 7   | bbb7                                                            | ccc7                                                             | ddd7                                                            
 88  | aaaaaaaaaabbbbbbbbbbccccccccccddddddddddeeeeeeeeeeffffffffffggg | aaaaaaaaaabbbbbbbbbbccccccccccddddddddddeeeeeeeeeeffffffffffgggz | aaaaaaaaaabbbbbbbbbbccccccccccddddddddddeeeeeeeeeeffffffffffggg 
 888 | aaaaaaaaaabbbbbbbbbbccccccccccddddddddddeeeeeeeeeeffffffffffggg | aaaaaaaaaabbbbbbbbbbccccccccccddddddddddeeeeeeeeeeffffffffffgggz | aaaaaaaaaabbbbbbbbbbccccccccccddddddddddeeeeeeeeeeffffffffffggg 
 9   | bbb9                                                            | ccc9                                                             | ddd9                                                            
 10  | bbb10                                                           | ccc10                                                            | ddd10                                                           
 8   | bbb888                                                          | ccc8                                                             | ddd8                                                            
(8 rows)
