-- Copyright (c) 2017-2023 VMware, Inc. or its affiliates
-- SPDX-License-Identifier: Apache-2.0

--------------------------------------------------------------------------------
-- Create and setup non-upgradeable objects
--------------------------------------------------------------------------------

-- The query that looks for these types had to be rewritten for 6 > 7 upgrade
-- because the recursive query looking for these types of relations contained a
-- self reference in a subquery. This specific type of query is disabled in 6x
-- so it was rewritten in plpgsql.

CREATE TYPE range_using_sql_identifier AS RANGE ( subtype = information_schema.sql_identifier );
CREATE TYPE
CREATE DOMAIN domain_using_sql_identifier AS range_using_sql_identifier;
CREATE DOMAIN
CREATE TABLE table_using_sql_identifier ( col1 information_schema.sql_identifier, col2 range_using_sql_identifier, col3 domain_using_sql_identifier );
CREATE TABLE

-- build custom types that depend on each other to test recursive query used to
-- find the tables that depend on information_schema.sql_identifier types.
CREATE TYPE sql_identifier_type AS ( t0 information_schema.sql_identifier );
CREATE TYPE
CREATE TYPE arr_sql_identifier_type1 AS ( t1 sql_identifier_type[] );
CREATE TYPE
CREATE TYPE arr_sql_identifier_type2 AS ( t2 arr_sql_identifier_type1[] );
CREATE TYPE
CREATE TYPE arr_sql_identifier_type3 AS ( t3 arr_sql_identifier_type2[] );
CREATE TYPE
CREATE TABLE table_using_multiple_layers_of_sql_identifier_type ( col1 sql_identifier_type, col2 arr_sql_identifier_type1, col3 arr_sql_identifier_type2, col4 arr_sql_identifier_type3 );
CREATE TABLE

---------------------------------------------------------------------------------
--- Assert that pg_upgrade --check correctly detects the non-upgradeable objects
---------------------------------------------------------------------------------
!\retcode gpupgrade initialize --source-gphome="${GPHOME_SOURCE}" --target-gphome=${GPHOME_TARGET} --source-master-port=${PGPORT} --disk-free-ratio 0 --non-interactive;
(exited with code 1)
! find $(ls -dt ~/gpAdminLogs/gpupgrade/pg_upgrade_*/ | head -1) -name "tables_using_sql_identifier.txt" -exec cat {} +;
In database: isolation2test
  public.table_using_sql_identifier.col1
  public.table_using_sql_identifier.col2
  public.table_using_sql_identifier.col3
  public.table_using_multiple_layers_of_sql_identifier_type.col1
  public.table_using_multiple_layers_of_sql_identifier_type.col2
  public.table_using_multiple_layers_of_sql_identifier_type.col3
  public.table_using_multiple_layers_of_sql_identifier_type.col4


---------------------------------------------------------------------------------
--- Workaround to unblock upgrade
---------------------------------------------------------------------------------
DROP TABLE table_using_multiple_layers_of_sql_identifier_type;
DROP TABLE
DROP TABLE table_using_sql_identifier;
DROP TABLE

DROP TYPE arr_sql_identifier_type3;
DROP TYPE
DROP TYPE arr_sql_identifier_type2;
DROP TYPE
DROP TYPE arr_sql_identifier_type1;
DROP TYPE
DROP TYPE sql_identifier_type;
DROP TYPE
DROP TYPE domain_using_sql_identifier;
DROP TYPE
DROP TYPE range_using_sql_identifier;
DROP TYPE
