-- Copyright (c) 2017-2023 VMware, Inc. or its affiliates
-- SPDX-License-Identifier: Apache-2.0

--------------------------------------------------------------------------------
-- Create and setup migratable objects
--------------------------------------------------------------------------------
SET search_path to tsquery_schema;
SET

-- check tsquery data
SELECT * FROM tsquery_pt_table ORDER BY a;
 a | b         | c         | d         
---+-----------+-----------+-----------
 1 | 'b' & 'c' | 'b' & 'c' | 'b' & 'c' 
 2 | 'e' & 'f' | 'e' & 'f' | 'e' & 'f' 
 3 | 'x' & 'y' | 'x' & 'y' | 'x' & 'y' 
(3 rows)
SELECT * FROM tsquery_composite ORDER BY i;
 i | j         | k         
---+-----------+-----------
 1 | 'b' & 'c' | 'b' & 'c' 
 2 | 'e' & 'f' | 'e' & 'f' 
 3 | 'x' & 'y' | 'x' & 'y' 
(3 rows)
SELECT * FROM tsquery_gist ORDER BY i;
 i | j         | k         
---+-----------+-----------
 1 | 'b' & 'c' | 'b' & 'c' 
 2 | 'e' & 'f' | 'e' & 'f' 
 3 | 'x' & 'y' | 'x' & 'y' 
(3 rows)
SELECT * FROM tsquery_cluster_comment ORDER BY i;
 i | j         | k         
---+-----------+-----------
 1 | 'b' & 'c' | 'b' & 'c' 
 2 | 'e' & 'f' | 'e' & 'f' 
 3 | 'x' & 'y' | 'x' & 'y' 
(3 rows)
SELECT * FROM tsquery_inherits ORDER BY a;
 a | b         | c         | d         | e         
---+-----------+-----------+-----------+-----------
 1 | 'b' & 'c' | 'b' & 'c' | 'b' & 'c' | 'a' & 'a' 
 2 | 'e' & 'f' | 'e' & 'f' | 'e' & 'f' | 'b' & 'b' 
 3 | 'x' & 'y' | 'x' & 'y' | 'x' & 'y' | 'c' & 'c' 
(3 rows)

-- check tsquery relations
SELECT n.nspname, c.relname, a.attname FROM pg_catalog.pg_class c JOIN pg_catalog.pg_namespace n ON c.relnamespace = n.oid JOIN pg_catalog.pg_attribute a ON c.oid = a.attrelid WHERE c.relkind = 'r' AND NOT a.attisdropped AND a.atttypid = 'pg_catalog.tsquery'::pg_catalog.regtype AND n.nspname !~ '^pg_temp_' AND n.nspname !~ '^pg_toast_temp_' AND n.nspname NOT IN ('pg_catalog', 'information_schema') AND c.oid NOT IN ( SELECT DISTINCT parchildrelid FROM pg_catalog.pg_partition_rule ) ORDER BY 1, 2, 3;
 nspname        | relname                 | attname  
----------------+-------------------------+----------
 tsquery_schema | tsquery_cluster_comment | j        
 tsquery_schema | tsquery_cluster_comment | k        
 tsquery_schema | tsquery_composite       | j        
 tsquery_schema | tsquery_composite       | k        
 tsquery_schema | tsquery_gist            | j        
 tsquery_schema | tsquery_gist            | k        
 tsquery_schema | tsquery_inherits        | b        
 tsquery_schema | tsquery_inherits        | c        
 tsquery_schema | tsquery_inherits        | d        
 tsquery_schema | tsquery_inherits        | e        
 tsquery_schema | tsquery_pt_table        | b        
 tsquery_schema | tsquery_pt_table        | c        
 tsquery_schema | tsquery_pt_table        | d        
 tsquery_schema | tsquery_table1          | altitude 
 tsquery_schema | tsquery_table2          | b        
(15 rows)

-- check indexes
SELECT c.relname AS index_name FROM pg_index i JOIN pg_class c ON i.indexrelid = c.oid JOIN pg_class t ON i.indrelid = t.oid WHERE t.relname LIKE 'tsquery%';
 index_name                  
-----------------------------
 tsquery_cluster_comment_idx 
 tsquery_composite_idx       
 tsquery_gist_idx            
 tsquery_table1_idx          
(4 rows)

-- check comment
SELECT c.relname AS index_name, d.description AS index_comment FROM pg_index i JOIN pg_class c ON i.indexrelid = c.oid LEFT JOIN pg_description d ON c.oid = d.objoid WHERE c.relname = 'tsquery_cluster_comment_idx' AND d.objsubid = 0;
 index_name                  | index_comment 
-----------------------------+---------------
 tsquery_cluster_comment_idx | hello world   
(1 row)

-- check views
SELECT schemaname, viewname FROM pg_views WHERE schemaname NOT IN ('pg_catalog', 'information_schema', 'gp_toolkit') AND schemaname = 'tsquery_schema' ORDER BY 1, 2;
 schemaname     | viewname                               
----------------+----------------------------------------
 tsquery_schema | view_on_tsquery                        
 tsquery_schema | view_on_tsquery_creation_order         
 tsquery_schema | view_on_tsquery_mult_tables            
 tsquery_schema | view_on_tsquery_mult_tables_mult_views 
 tsquery_schema | view_on_tsquery_mult_views             
 tsquery_schema | view_on_tsquery_table_mult_views       
 tsquery_schema | view_on_tsquery_table_view             
(7 rows)

-- check view owners
SELECT schemaname, viewname, viewowner FROM pg_views WHERE schemaname NOT IN ('pg_catalog', 'information_schema', 'gp_toolkit') AND schemaname = 'tsquery_schema' AND viewowner = 'migratable_objects_role' ORDER BY 1, 2, 3;
 schemaname     | viewname                               | viewowner               
----------------+----------------------------------------+-------------------------
 tsquery_schema | view_on_tsquery_mult_tables_mult_views | migratable_objects_role 
(1 row)

INSERT INTO tsquery_pt_table VALUES (1, 'b & c'::tsquery, 'b & c'::tsquery, 'b & c'::tsquery);
INSERT 1
INSERT INTO tsquery_pt_table VALUES (2, 'e & f'::tsquery, 'e & f'::tsquery, 'e & f'::tsquery);
INSERT 1
INSERT INTO tsquery_pt_table VALUES (3, 'x & y'::tsquery, 'x & y'::tsquery, 'x & y'::tsquery);
INSERT 1

INSERT INTO tsquery_composite VALUES (1, 'b & c'::tsquery, 'b & c'::tsquery);
INSERT 1
INSERT INTO tsquery_composite VALUES (2, 'e & f'::tsquery, 'e & f'::tsquery);
INSERT 1
INSERT INTO tsquery_composite VALUES (3, 'x & y'::tsquery, 'x & y'::tsquery);
INSERT 1

INSERT INTO tsquery_gist VALUES (1, 'b & c'::tsquery, 'b & c'::tsquery);
INSERT 1
INSERT INTO tsquery_gist VALUES (2, 'e & f'::tsquery, 'e & f'::tsquery);
INSERT 1
INSERT INTO tsquery_gist VALUES (3, 'x & y'::tsquery, 'x & y'::tsquery);
INSERT 1

INSERT INTO tsquery_cluster_comment VALUES (1, 'b & c'::tsquery, 'b & c'::tsquery);
INSERT 1
INSERT INTO tsquery_cluster_comment VALUES (2, 'e & f'::tsquery, 'e & f'::tsquery);
INSERT 1
INSERT INTO tsquery_cluster_comment VALUES (3, 'x & y'::tsquery, 'x & y'::tsquery);
INSERT 1

INSERT INTO tsquery_inherits VALUES (1, 'b & c'::tsquery, 'b & c'::tsquery, 'b & c'::tsquery, 'a & a'::tsquery);
INSERT 1
INSERT INTO tsquery_inherits VALUES (2, 'e & f'::tsquery, 'e & f'::tsquery, 'e & f'::tsquery, 'b & b'::tsquery);
INSERT 1
INSERT INTO tsquery_inherits VALUES (3, 'x & y'::tsquery, 'x & y'::tsquery, 'x & y'::tsquery, 'c & c'::tsquery);
INSERT 1

-- check tsquery data
SELECT * FROM tsquery_pt_table ORDER BY a;
 a | b         | c         | d         
---+-----------+-----------+-----------
 1 | 'b' & 'c' | 'b' & 'c' | 'b' & 'c' 
 1 | 'b' & 'c' | 'b' & 'c' | 'b' & 'c' 
 2 | 'e' & 'f' | 'e' & 'f' | 'e' & 'f' 
 2 | 'e' & 'f' | 'e' & 'f' | 'e' & 'f' 
 3 | 'x' & 'y' | 'x' & 'y' | 'x' & 'y' 
 3 | 'x' & 'y' | 'x' & 'y' | 'x' & 'y' 
(6 rows)
SELECT * FROM tsquery_composite ORDER BY i;
 i | j         | k         
---+-----------+-----------
 1 | 'b' & 'c' | 'b' & 'c' 
 1 | 'b' & 'c' | 'b' & 'c' 
 2 | 'e' & 'f' | 'e' & 'f' 
 2 | 'e' & 'f' | 'e' & 'f' 
 3 | 'x' & 'y' | 'x' & 'y' 
 3 | 'x' & 'y' | 'x' & 'y' 
(6 rows)
SELECT * FROM tsquery_gist ORDER BY i;
 i | j         | k         
---+-----------+-----------
 1 | 'b' & 'c' | 'b' & 'c' 
 1 | 'b' & 'c' | 'b' & 'c' 
 2 | 'e' & 'f' | 'e' & 'f' 
 2 | 'e' & 'f' | 'e' & 'f' 
 3 | 'x' & 'y' | 'x' & 'y' 
 3 | 'x' & 'y' | 'x' & 'y' 
(6 rows)
SELECT * FROM tsquery_cluster_comment ORDER BY i;
 i | j         | k         
---+-----------+-----------
 1 | 'b' & 'c' | 'b' & 'c' 
 1 | 'b' & 'c' | 'b' & 'c' 
 2 | 'e' & 'f' | 'e' & 'f' 
 2 | 'e' & 'f' | 'e' & 'f' 
 3 | 'x' & 'y' | 'x' & 'y' 
 3 | 'x' & 'y' | 'x' & 'y' 
(6 rows)
SELECT * FROM tsquery_inherits ORDER BY a;
 a | b         | c         | d         | e         
---+-----------+-----------+-----------+-----------
 1 | 'b' & 'c' | 'b' & 'c' | 'b' & 'c' | 'a' & 'a' 
 1 | 'b' & 'c' | 'b' & 'c' | 'b' & 'c' | 'a' & 'a' 
 2 | 'e' & 'f' | 'e' & 'f' | 'e' & 'f' | 'b' & 'b' 
 2 | 'e' & 'f' | 'e' & 'f' | 'e' & 'f' | 'b' & 'b' 
 3 | 'x' & 'y' | 'x' & 'y' | 'x' & 'y' | 'c' & 'c' 
 3 | 'x' & 'y' | 'x' & 'y' | 'x' & 'y' | 'c' & 'c' 
(6 rows)

